[15:38:33] [main/INFO]: Loading Minecraft 26.2 with Fabric Loader 0.19.3
[15:38:33] [main/INFO]: Loading 76 mods:
	- betalook 0.2.0
	- capes 1.5.11+26.2
	- carpet 26.2+v260616
	- carpet-tis-addition 1.82.3
	   \-- conditional-mixin 0.6.4
	- entityview 1.0.0
	- fabric-api 0.155.2+26.2
	   |-- fabric-api-base 2.0.4+ece063239e
	   |-- fabric-api-lookup-api-v1 2.0.17+11e1c9a39e
	   |-- fabric-biome-api-v1 18.0.6+c7bd5b8e9e
	   |-- fabric-block-api-v1 3.0.3+ec56b6019e
	   |-- fabric-block-getter-api-v2 2.0.7+ec56b6019e
	   |-- fabric-command-api-v2 3.1.0+00cb03469e
	   |-- fabric-content-registries-v0 11.3.0+d0a699d09e
	   |-- fabric-convention-tags-v2 4.7.0+1f023a9e9e
	   |-- fabric-crash-report-info-v1 1.0.5+086d547a9e
	   |-- fabric-creative-tab-api-v1 5.0.14+d871b99e9e
	   |-- fabric-data-attachment-api-v1 2.2.17+aa0fd6fe9e
	   |-- fabric-data-generation-api-v1 25.4.5+b190d6f59e
	   |-- fabric-debug-api-v1 1.0.2+c792624d9e
	   |-- fabric-dimensions-v1 5.1.10+5ed499069e
	   |-- fabric-entity-events-v1 5.0.5+06488ac19e
	   |-- fabric-events-interaction-v0 5.2.6+8f57f7ee9e
	   |-- fabric-game-rule-api-v1 4.0.8+46a6d00c9e
	   |-- fabric-item-api-v1 14.3.0+583e0a5f9e
	   |-- fabric-key-mapping-api-v1 2.0.5+e2bdee789e
	   |-- fabric-lifecycle-events-v1 4.1.3+4575b05f9e
	   |-- fabric-loot-api-v3 3.0.17+06488ac19e
	   |-- fabric-menu-api-v1 2.0.16+086d547a9e
	   |-- fabric-message-api-v1 7.0.7+086d547a9e
	   |-- fabric-model-loading-api-v1 8.0.15+c80601bb9e
	   |-- fabric-networking-api-v1 6.3.3+72073ef09e
	   |-- fabric-object-builder-api-v1 24.1.0+6fcd5f039e
	   |-- fabric-particles-v1 5.0.18+d1756aa99e
	   |-- fabric-permission-api-v1 1.0.3+b7020ca29e
	   |-- fabric-recipe-api-v1 9.0.20+11e1c9a39e
	   |-- fabric-registry-sync-v0 7.1.0+c7bd5b8e9e
	   |-- fabric-renderer-api-v1 14.1.2+2b0d8a229e
	   |-- fabric-renderer-indigo 9.1.2+2b0d8a229e
	   |-- fabric-rendering-fluids-v1 6.0.4+06488ac19e
	   |-- fabric-rendering-v1 25.3.1+6988455e9e
	   |-- fabric-resource-conditions-api-v1 6.1.0+10e9a28b9e
	   |-- fabric-resource-loader-v0 3.3.20+4fc5413f9e
	   |-- fabric-resource-loader-v1 2.0.13+9edec1269e
	   |-- fabric-screen-api-v1 5.1.0+48e3c0b09e
	   |-- fabric-serialization-api-v1 2.0.4+11a26f319e
	   |-- fabric-sound-api-v1 2.0.5+11a26f319e
	   |-- fabric-tag-api-v1 2.1.3+794df31d9e
	   |-- fabric-transfer-api-v1 8.0.11+39b5a3929e
	   \-- fabric-transitive-access-wideners-v1 8.1.4+67c847259e
	- fabric-language-kotlin 1.13.13+kotlin.2.4.10
	   |-- org_jetbrains_kotlin_kotlin-reflect 2.4.10
	   |-- org_jetbrains_kotlin_kotlin-stdlib 2.4.10
	   |-- org_jetbrains_kotlin_kotlin-stdlib-jdk7 2.4.10
	   |-- org_jetbrains_kotlin_kotlin-stdlib-jdk8 2.4.10
	   |-- org_jetbrains_kotlinx_atomicfu-jvm 0.33.0
	   |-- org_jetbrains_kotlinx_kotlinx-coroutines-core-jvm 1.11.0
	   |-- org_jetbrains_kotlinx_kotlinx-coroutines-jdk8 1.11.0
	   |-- org_jetbrains_kotlinx_kotlinx-datetime-jvm 0.8.0
	   |-- org_jetbrains_kotlinx_kotlinx-io-bytestring-jvm 0.9.1
	   |-- org_jetbrains_kotlinx_kotlinx-io-core-jvm 0.9.1
	   |-- org_jetbrains_kotlinx_kotlinx-serialization-cbor-jvm 1.11.0
	   |-- org_jetbrains_kotlinx_kotlinx-serialization-core-jvm 1.11.0
	   \-- org_jetbrains_kotlinx_kotlinx-serialization-json-jvm 1.11.0
	- fabricloader 0.19.3
	   \-- mixinextras 0.5.4
	- flashback 0.41.1
	   |-- com_moulberry_mixinconstraints 1.0.8
	   |-- lattice 2.1.0
	   |-- mixinsquared 0.3.7-beta.1
	   |-- org_apache_commons_commons-math3 3.6.1
	   |-- org_apache_httpcomponents_httpclient 4.5.14
	   \-- org_apache_httpcomponents_httpcore 4.4.16
	- java 25
	- minecraft 26.2
	- modmenu 20.0.1
	   \-- fabric-api-base 2.0.4+ece063239e
[15:38:33] [main/INFO]: SpongePowered MIXIN Subsystem Version=0.8.7 Source=file:/C:/Users/ryanw/AppData/Roaming/ModrinthApp/meta/libraries/net/fabricmc/sponge-mixin/0.17.3+mixin.0.8.7/sponge-mixin-0.17.3+mixin.0.8.7.jar Service=Knot/Fabric Env=CLIENT
[15:38:33] [main/INFO]: Compatibility level set to JAVA_25
[15:38:34] [main/INFO]: Initializing MixinExtras via com.llamalad7.mixinextras.service.MixinExtrasServiceImpl(version=0.5.4).
[15:38:35] [Datafixer Bootstrap #0/INFO]: 295 Datafixer optimizations took 300 milliseconds
[15:38:39] [Render thread/INFO]: Environment: Environment[sessionHost=https://sessionserver.mojang.com, servicesHost=https://api.minecraftservices.com, profilesHost=https://api.mojang.com, name=PROD]
[15:38:39] [Render thread/INFO]: Setting user: xDeush
[15:38:39] [Render thread/INFO]: BetaLook zaladowany -- cel: Minecraft Beta 1.7.3
[15:38:39] [Render thread/INFO]: Entity View server side ready (radius=96.0, interval=1)
[15:38:39] [Render thread/INFO]: Trying to read config file...
[15:38:39] [Render thread/INFO]: A config file was found, loading it..
[15:38:39] [Render thread/INFO]: Successfully loaded config file.
[15:38:39] [Render thread/INFO]: Entity View ready (enabled=true)
[15:38:39] [Render thread/INFO]: [Indigo] Registering Indigo renderer!
[15:38:39] [Render thread/INFO]: Checking mod updates...
[15:38:40] [Render thread/INFO]: Backend library: LWJGL version 3.4.1-snapshot
[15:38:40] [ModMenu/Update Checker/Fabric Loader/INFO]: Update available for 'fabricloader@0.19.3'
[15:38:40] [Render thread/INFO]: Using graphics backend OpenGL, using drivers: 3.3.0 NVIDIA 610.47
[15:38:40] [Render thread/INFO]: Using graphics device: NVIDIA GeForce RTX 5070/PCIe/SSE2 (NVIDIA Corporation)
[15:38:40] [Render thread/INFO]: Using graphics device extensions: GL_ARB_multi_draw_indirect, GL_ARB_buffer_storage, GL_ARB_shader_draw_parameters, GL_ARB_base_instance, GL_KHR_debug, GL_ARB_draw_indirect, GL_ARB_clip_control, GL_ARB_vertex_attrib_binding, GL_ARB_direct_state_access, GL_EXT_texture_filter_anisotropic
[15:38:40] [Render thread/WARN]: Error reading pack metadata, attempting fallback type
com.google.gson.JsonParseException: Pack declares support for version newer than 64, but is missing mandatory fields min_format and max_format
	at knot//com.mojang.serialization.DataResult$Error.getOrThrow(DataResult.java:287)
	at knot//net.minecraft.server.packs.resources.ResourceMetadata$2.getSection(ResourceMetadata.java:40)
	at knot//net.minecraft.server.packs.AbstractPackResources.getMetadataSection(AbstractPackResources.java:26)
	at knot//net.minecraft.server.packs.repository.Pack.readPackMetadata(Pack.java:56)
	at knot//net.minecraft.server.packs.repository.Pack.readMetaAndCreate(Pack.java:41)
	at knot//net.minecraft.server.packs.repository.FolderRepositorySource.lambda$loadPacks$0(FolderRepositorySource.java:63)
	at knot//net.minecraft.server.packs.repository.FolderRepositorySource.discoverPacks(FolderRepositorySource.java:94)
	at knot//net.minecraft.server.packs.repository.FolderRepositorySource.loadPacks(FolderRepositorySource.java:59)
	at knot//net.minecraft.server.packs.repository.PackRepository.discoverAvailable(PackRepository.java:43)
	at knot//net.minecraft.server.packs.repository.PackRepository.reload(PackRepository.java:36)
	at knot//net.minecraft.client.Minecraft.<init>(Minecraft.java:586)
	at knot//net.minecraft.client.main.Main.main(Main.java:278)
	at net.fabricmc.loader.impl.game.minecraft.MinecraftGameProvider.launch(MinecraftGameProvider.java:514)
	at net.fabricmc.loader.impl.launch.knot.Knot.launch(Knot.java:72)
	at net.fabricmc.loader.impl.launch.knot.KnotClient.main(KnotClient.java:23)
	at java.base/jdk.internal.reflect.DirectMethodHandleAccessor.invoke(Unknown Source)
	at java.base/java.lang.reflect.Method.invoke(Unknown Source)
	at com.modrinth.theseus.MinecraftLaunch.relaunch(MinecraftLaunch.java:61)
	at com.modrinth.theseus.MinecraftLaunch.main(MinecraftLaunch.java:28)
[15:38:40] [Render thread/INFO]: Found non-pack entry 'C:\Users\ryanw\AppData\Roaming\ModrinthApp\profiles\cosmosmc 26.2\resourcepacks\Redstone Tweaks 2.5.5.zip.disabled', ignoring
[15:38:40] [Render thread/INFO]: Found non-pack entry 'C:\Users\ryanw\AppData\Roaming\ModrinthApp\profiles\cosmosmc 26.2\resourcepacks\XK redstone display 26.1.5 — xdeush.zip.disabled', ignoring
[15:38:40] [Render thread/WARN]: Mixin apply for mod betalook failed betalook.optional.mixins.json:GameRendererMixin from mod betalook -> net.minecraft.client.renderer.GameRenderer: org.spongepowered.asm.mixin.injection.throwables.InvalidInjectionException Invalid descriptor on betalook.optional.mixins.json:GameRendererMixin from mod betalook->@Inject::betalook$betaBob(Lcom/mojang/blaze3d/vertex/PoseStack;FLorg/spongepowered/asm/mixin/injection/callback/CallbackInfo;)V! Expected (Lnet/minecraft/client/renderer/state/level/CameraRenderState;Lcom/mojang/blaze3d/vertex/PoseStack;Lorg/spongepowered/asm/mixin/injection/callback/CallbackInfo;)V but found (Lcom/mojang/blaze3d/vertex/PoseStack;FLorg/spongepowered/asm/mixin/injection/callback/CallbackInfo;)V [ -> Inject -> betalook.optional.mixins.json:GameRendererMixin from mod betalook->@Inject::betalook$betaBob(Lcom/mojang/blaze3d/vertex/PoseStack;FLorg/spongepowered/asm/mixin/injection/callback/CallbackInfo;)V]
org.spongepowered.asm.mixin.injection.throwables.InvalidInjectionException: Invalid descriptor on betalook.optional.mixins.json:GameRendererMixin from mod betalook->@Inject::betalook$betaBob(Lcom/mojang/blaze3d/vertex/PoseStack;FLorg/spongepowered/asm/mixin/injection/callback/CallbackInfo;)V! Expected (Lnet/minecraft/client/renderer/state/level/CameraRenderState;Lcom/mojang/blaze3d/vertex/PoseStack;Lorg/spongepowered/asm/mixin/injection/callback/CallbackInfo;)V but found (Lcom/mojang/blaze3d/vertex/PoseStack;FLorg/spongepowered/asm/mixin/injection/callback/CallbackInfo;)V [ -> Inject -> betalook.optional.mixins.json:GameRendererMixin from mod betalook->@Inject::betalook$betaBob(Lcom/mojang/blaze3d/vertex/PoseStack;FLorg/spongepowered/asm/mixin/injection/callback/CallbackInfo;)V]
	at org.spongepowered.asm.mixin.injection.callback.CallbackInjector.inject(CallbackInjector.java:563)
	at org.spongepowered.asm.mixin.injection.callback.CallbackInjector.inject(CallbackInjector.java:493)
	at org.spongepowered.asm.mixin.injection.code.Injector.inject(Injector.java:284)
	at org.spongepowered.asm.mixin.injection.struct.InjectionInfo.inject(InjectionInfo.java:508)
	at org.spongepowered.asm.mixin.transformer.MixinTargetContext.applyInjections(MixinTargetContext.java:1470)
	at org.spongepowered.asm.mixin.transformer.MixinApplicatorStandard.applyInjections(MixinApplicatorStandard.java:832)
	at org.spongepowered.asm.mixin.transformer.MixinApplicatorStandard.lambda$runApplicatorPass$7(MixinApplicatorStandard.java:362)
	at org.spongepowered.asm.mixin.transformer.MixinApplicatorStandard.processMixins(MixinApplicatorStandard.java:381)
	at org.spongepowered.asm.mixin.transformer.MixinApplicatorStandard.runApplicatorPass(MixinApplicatorStandard.java:360)
	at org.spongepowered.asm.mixin.transformer.MixinApplicatorStandard.apply(MixinApplicatorStandard.java:240)
	at org.spongepowered.asm.mixin.transformer.TargetClassContext.apply(TargetClassContext.java:437)
	at org.spongepowered.asm.mixin.transformer.TargetClassContext.applyMixins(TargetClassContext.java:418)
	at org.spongepowered.asm.mixin.transformer.MixinProcessor.applyMixins(MixinProcessor.java:351)
	at org.spongepowered.asm.mixin.transformer.MixinTransformer.transformClass(MixinTransformer.java:237)
	at org.spongepowered.asm.mixin.transformer.MixinTransformer.transformClassBytes(MixinTransformer.java:202)
	at net.fabricmc.loader.impl.launch.knot.KnotClassDelegate.getPostMixinClassByteArray(KnotClassDelegate.java:435)
	at net.fabricmc.loader.impl.launch.knot.KnotClassDelegate.tryLoadClass(KnotClassDelegate.java:336)
	at net.fabricmc.loader.impl.launch.knot.KnotClassDelegate.loadClass(KnotClassDelegate.java:231)
	at net.fabricmc.loader.impl.launch.knot.KnotClassLoader.loadClass(KnotClassLoader.java:119)
	at java.base/java.lang.ClassLoader.loadClass(Unknown Source)
	at knot//net.minecraft.client.Minecraft.<init>(Minecraft.java:667)
	at knot//net.minecraft.client.main.Main.main(Main.java:278)
	at net.fabricmc.loader.impl.game.minecraft.MinecraftGameProvider.launch(MinecraftGameProvider.java:514)
	at net.fabricmc.loader.impl.launch.knot.Knot.launch(Knot.java:72)
	at net.fabricmc.loader.impl.launch.knot.KnotClient.main(KnotClient.java:23)
	at java.base/jdk.internal.reflect.DirectMethodHandleAccessor.invoke(Unknown Source)
	at java.base/java.lang.reflect.Method.invoke(Unknown Source)
	at com.modrinth.theseus.MinecraftLaunch.relaunch(MinecraftLaunch.java:61)
	at com.modrinth.theseus.MinecraftLaunch.main(MinecraftLaunch.java:28)
[15:38:40] [Render thread/WARN]: Chmury: 0 kandydatow na pole wysokosci -- nie ruszam niczego. Chmury zostana na wspolczesnej wysokosci.
[15:38:40] [Render thread/WARN]: Zrzucam budowe klas, bo: chmury nie znalazly pola wysokosci
[15:38:40] [Render thread/INFO]: Zapisalem budowe klas do C:\Users\ryanw\AppData\Roaming\ModrinthApp\profiles\cosmosmc 26.2\config\betalook-classes.txt
[15:38:40] [Render thread/INFO]: Reloading ResourceManager: vanilla, betalook, capes, carpet, carpet-tis-addition, conditional-mixin, fabric-api, fabric-api-base, fabric-api-lookup-api-v1, fabric-biome-api-v1, fabric-block-api-v1, fabric-block-getter-api-v2, fabric-command-api-v2, fabric-content-registries-v0, fabric-convention-tags-v2, fabric-crash-report-info-v1, fabric-creative-tab-api-v1, fabric-data-attachment-api-v1, fabric-data-generation-api-v1, fabric-debug-api-v1, fabric-dimensions-v1, fabric-entity-events-v1, fabric-events-interaction-v0, fabric-game-rule-api-v1, fabric-item-api-v1, fabric-key-mapping-api-v1, fabric-language-kotlin, fabric-lifecycle-events-v1, fabric-loot-api-v3, fabric-menu-api-v1, fabric-message-api-v1, fabric-model-loading-api-v1, fabric-networking-api-v1, fabric-object-builder-api-v1, fabric-particles-v1, fabric-permission-api-v1, fabric-recipe-api-v1, fabric-registry-sync-v0, fabric-renderer-api-v1, fabric-renderer-indigo, fabric-rendering-fluids-v1, fabric-rendering-v1, fabric-resource-conditions-api-v1, fabric-resource-loader-v0, fabric-resource-loader-v1, fabric-screen-api-v1, fabric-serialization-api-v1, fabric-sound-api-v1, fabric-tag-api-v1, fabric-transfer-api-v1, fabric-transitive-access-wideners-v1, fabricloader, flashback, lattice, modmenu, org_apache_commons_commons-math3, file/Default Beta Release v14.zip, file/BetaLook-Hide.zip
[15:38:41] [Worker-Main-1/INFO]: Found unifont_pua-17.0.01.hex, loading
[15:38:41] [Worker-Main-10/INFO]: Found unifont_all_no_pua-17.0.01.hex, loading
[15:38:41] [Worker-Main-13/INFO]: Found unifont_jp_patch-17.0.01.hex, loading
[15:38:41] [Worker-Main-6/WARN]: Exception loading blockstate definition: 'minecraft:bell/file/Default Beta Release v14.zip' for variant: 'facing=north,face=floor': Unknown blockstate property: 'face'
[15:38:41] [Worker-Main-6/WARN]: Exception loading blockstate definition: 'minecraft:bell/file/Default Beta Release v14.zip' for variant: 'facing=south,face=floor': Unknown blockstate property: 'face'
[15:38:41] [Worker-Main-6/WARN]: Exception loading blockstate definition: 'minecraft:bell/file/Default Beta Release v14.zip' for variant: 'facing=east,face=floor': Unknown blockstate property: 'face'
[15:38:41] [Worker-Main-6/WARN]: Exception loading blockstate definition: 'minecraft:bell/file/Default Beta Release v14.zip' for variant: 'facing=west,face=floor': Unknown blockstate property: 'face'
[15:38:41] [Worker-Main-6/WARN]: Exception loading blockstate definition: 'minecraft:bell/file/Default Beta Release v14.zip' for variant: 'facing=north,face=ceiling': Unknown blockstate property: 'face'
[15:38:41] [Worker-Main-6/WARN]: Exception loading blockstate definition: 'minecraft:bell/file/Default Beta Release v14.zip' for variant: 'facing=south,face=ceiling': Unknown blockstate property: 'face'
[15:38:41] [Worker-Main-6/WARN]: Exception loading blockstate definition: 'minecraft:bell/file/Default Beta Release v14.zip' for variant: 'facing=east,face=ceiling': Unknown blockstate property: 'face'
[15:38:41] [Worker-Main-6/WARN]: Exception loading blockstate definition: 'minecraft:bell/file/Default Beta Release v14.zip' for variant: 'facing=west,face=ceiling': Unknown blockstate property: 'face'
[15:38:41] [Worker-Main-5/WARN]: Condition 1|2|3|4 for property segment_amount on Block{minecraft:leaf_litter} is always true
[15:38:41] [Worker-Main-5/WARN]: Condition 1|2|3|4 for property segment_amount on Block{minecraft:leaf_litter} is always true
[15:38:41] [Worker-Main-5/WARN]: Condition 1|2|3|4 for property segment_amount on Block{minecraft:leaf_litter} is always true
[15:38:41] [Worker-Main-5/WARN]: Condition 1|2|3|4 for property segment_amount on Block{minecraft:leaf_litter} is always true
[15:38:41] [Worker-Main-11/ERROR]: Failed to load model minecraft:models/block/bell_wall.json
com.google.gson.JsonSyntaxException: Missing faces, expected to find a JsonObject
	at knot//net.minecraft.util.GsonHelper.getAsJsonObject(GsonHelper.java:423)
	at knot//net.minecraft.client.resources.model.cuboid.CuboidModelElement$Deserializer.filterNullFromFaces(CuboidModelElement.java:127)
	at knot//net.minecraft.client.resources.model.cuboid.CuboidModelElement$Deserializer.getFaces(CuboidModelElement.java:116)
	at knot//net.minecraft.client.resources.model.cuboid.CuboidModelElement$Deserializer.deserialize(CuboidModelElement.java:61)
	at knot//net.minecraft.client.resources.model.cuboid.CuboidModelElement$Deserializer.deserialize(CuboidModelElement.java:37)
	at knot//com.google.gson.internal.bind.TreeTypeAdapter.read(TreeTypeAdapter.java:95)
	at knot//com.google.gson.Gson.fromJson(Gson.java:1080)
	at knot//com.google.gson.Gson.fromJson(Gson.java:1193)
	at knot//com.google.gson.Gson.fromJson(Gson.java:1164)
	at knot//com.google.gson.internal.bind.TreeTypeAdapter$GsonContextImpl.deserialize(TreeTypeAdapter.java:206)
	at knot//net.minecraft.client.resources.model.cuboid.CuboidModel$Deserializer.getElements(CuboidModel.java:95)
	at knot//net.minecraft.client.resources.model.cuboid.CuboidModel$Deserializer.deserialize(CuboidModel.java:51)
	at knot//net.minecraft.client.resources.model.cuboid.CuboidModel$Deserializer.deserialize(CuboidModel.java:46)
	at knot//com.google.gson.internal.bind.TreeTypeAdapter.read(TreeTypeAdapter.java:95)
	at knot//com.google.gson.Gson.fromJson(Gson.java:1080)
	at knot//com.google.gson.Gson.fromJson(Gson.java:1193)
	at knot//com.google.gson.Gson.fromJson(Gson.java:1164)
	at knot//com.google.gson.internal.bind.TreeTypeAdapter$GsonContextImpl.deserialize(TreeTypeAdapter.java:206)
	at knot//net.fabricmc.fabric.impl.client.model.loading.UnbakedModelJsonDeserializer.deserialize(UnbakedModelJsonDeserializer.java:70)
	at knot//net.fabricmc.fabric.impl.client.model.loading.UnbakedModelJsonDeserializer.deserialize(UnbakedModelJsonDeserializer.java:35)
	at knot//com.google.gson.internal.bind.TreeTypeAdapter.read(TreeTypeAdapter.java:95)
	at knot//net.minecraft.util.GsonHelper.fromJson(GsonHelper.java:516)
	at knot//net.fabricmc.fabric.impl.client.model.loading.UnbakedModelDeserializerRegistry.deserialize(UnbakedModelDeserializerRegistry.java:52)
	at knot//net.fabricmc.fabric.api.client.model.loading.v1.UnbakedModelDeserializer.deserialize(UnbakedModelDeserializer.java:80)
	at knot//net.minecraft.client.resources.model.ModelManager.modify$clk000$fabric-model-loading-api-v1$actuallyDeserializeModel(ModelManager.java:648)
	at knot//net.minecraft.client.resources.model.ModelManager.lambda$loadBlockModels$2(ModelManager.java:157)
	at java.base/java.util.concurrent.CompletableFuture$AsyncSupply.run(Unknown Source)
	at knot//net.minecraft.server.packs.resources.SimpleReloadInstance.lambda$prepareTasks$1(SimpleReloadInstance.java:51)
	at java.base/java.util.concurrent.ForkJoinTask$RunnableExecuteAction.compute(Unknown Source)
	at java.base/java.util.concurrent.ForkJoinTask$RunnableExecuteAction.compute(Unknown Source)
	at java.base/java.util.concurrent.ForkJoinTask$InterruptibleTask.exec(Unknown Source)
	at java.base/java.util.concurrent.ForkJoinTask.doExec(Unknown Source)
	at java.base/java.util.concurrent.ForkJoinPool$WorkQueue.topLevelExec(Unknown Source)
	at java.base/java.util.concurrent.ForkJoinPool.runWorker(Unknown Source)
	at java.base/java.util.concurrent.ForkJoinWorkerThread.run(Unknown Source)
[15:38:41] [Worker-Main-14/ERROR]: Failed to load model minecraft:models/block/lava.json
com.google.gson.JsonParseException: Failed to parse either. First: Not a string: false; Second: Not a JSON object: false
	at knot//com.mojang.serialization.DataResult$Error.getOrThrow(DataResult.java:287)
	at knot//net.minecraft.client.resources.model.sprite.TextureSlots.parseEntry(TextureSlots.java:59)
	at knot//net.minecraft.client.resources.model.sprite.TextureSlots.parseTextureMap(TextureSlots.java:50)
	at knot//net.minecraft.client.resources.model.cuboid.CuboidModel$Deserializer.getTextureMap(CuboidModel.java:75)
	at knot//net.minecraft.client.resources.model.cuboid.CuboidModel$Deserializer.deserialize(CuboidModel.java:54)
	at knot//net.minecraft.client.resources.model.cuboid.CuboidModel$Deserializer.deserialize(CuboidModel.java:46)
	at knot//com.google.gson.internal.bind.TreeTypeAdapter.read(TreeTypeAdapter.java:95)
	at knot//com.google.gson.Gson.fromJson(Gson.java:1080)
	at knot//com.google.gson.Gson.fromJson(Gson.java:1193)
	at knot//com.google.gson.Gson.fromJson(Gson.java:1164)
	at knot//com.google.gson.internal.bind.TreeTypeAdapter$GsonContextImpl.deserialize(TreeTypeAdapter.java:206)
	at knot//net.fabricmc.fabric.impl.client.model.loading.UnbakedModelJsonDeserializer.deserialize(UnbakedModelJsonDeserializer.java:70)
	at knot//net.fabricmc.fabric.impl.client.model.loading.UnbakedModelJsonDeserializer.deserialize(UnbakedModelJsonDeserializer.java:35)
	at knot//com.google.gson.internal.bind.TreeTypeAdapter.read(TreeTypeAdapter.java:95)
	at knot//net.minecraft.util.GsonHelper.fromJson(GsonHelper.java:516)
	at knot//net.fabricmc.fabric.impl.client.model.loading.UnbakedModelDeserializerRegistry.deserialize(UnbakedModelDeserializerRegistry.java:52)
	at knot//net.fabricmc.fabric.api.client.model.loading.v1.UnbakedModelDeserializer.deserialize(UnbakedModelDeserializer.java:80)
	at knot//net.minecraft.client.resources.model.ModelManager.modify$clk000$fabric-model-loading-api-v1$actuallyDeserializeModel(ModelManager.java:648)
	at knot//net.minecraft.client.resources.model.ModelManager.lambda$loadBlockModels$2(ModelManager.java:157)
	at java.base/java.util.concurrent.CompletableFuture$AsyncSupply.run(Unknown Source)
	at knot//net.minecraft.server.packs.resources.SimpleReloadInstance.lambda$prepareTasks$1(SimpleReloadInstance.java:51)
	at java.base/java.util.concurrent.ForkJoinTask$RunnableExecuteAction.compute(Unknown Source)
	at java.base/java.util.concurrent.ForkJoinTask$RunnableExecuteAction.compute(Unknown Source)
	at java.base/java.util.concurrent.ForkJoinTask$InterruptibleTask.exec(Unknown Source)
	at java.base/java.util.concurrent.ForkJoinTask.doExec(Unknown Source)
	at java.base/java.util.concurrent.ForkJoinPool$WorkQueue.topLevelExec(Unknown Source)
	at java.base/java.util.concurrent.ForkJoinPool.runWorker(Unknown Source)
	at java.base/java.util.concurrent.ForkJoinWorkerThread.run(Unknown Source)
[15:38:41] [Worker-Main-14/WARN]: Missing block model: minecraft:block/lava
[15:38:41] [Worker-Main-9/WARN]: Missing texture references in model minecraft:block/oak_fence_item:
    particle
[15:38:41] [Worker-Main-9/WARN]: Missing texture references in model minecraft:block/betalook_empty:
    particle
[15:38:41] [Worker-Main-9/WARN]: Missing texture references in model minecraft:block/stone_button_item:
    particle
[15:38:41] [Worker-Main-9/WARN]: Missing texture references in model minecraft:block/dark_oak_stairs_item:
    particle
[15:38:41] [Worker-Main-9/WARN]: Missing texture references in model minecraft:block/acacia_stairs_item:
    particle
[15:38:41] [Worker-Main-9/WARN]: Missing texture references in model minecraft:block/oak_trapdoor_item:
    particle
[15:38:41] [Worker-Main-9/WARN]: Missing texture references in model minecraft:block/ice_item:
    particle
[15:38:41] [Worker-Main-9/WARN]: Missing texture references in model minecraft:block/grass_block_item:
    particle
[15:38:41] [Worker-Main-9/WARN]: Missing texture references in model minecraft:block/oak_pressure_plate_item:
    particle
[15:38:41] [Worker-Main-9/WARN]: Missing texture references in model minecraft:block/stone_pressure_plate_item:
    particle
[15:38:41] [Worker-Main-9/WARN]: Missing texture references in model minecraft:block/jungle_stairs_item:
    particle
[15:38:41] [Render thread/INFO]: OpenAL initialized on device OpenAL Soft on Głośniki (Pebble V3)
[15:38:41] [Render thread/INFO]: Sound engine started
[15:38:41] [Render thread/INFO]: Created: 512x256x0 minecraft:textures/atlas/particles.png-atlas
[15:38:41] [Render thread/INFO]: Created: 128x128x0 minecraft:textures/atlas/decorated_pot.png-atlas
[15:38:41] [Render thread/INFO]: Created: 2048x1024x0 minecraft:textures/atlas/armor_trims.png-atlas
[15:38:41] [Render thread/INFO]: Created: 512x256x0 minecraft:textures/atlas/paintings.png-atlas
[15:38:41] [Render thread/INFO]: Created: 1024x512x0 minecraft:textures/atlas/shield_patterns.png-atlas
[15:38:41] [Render thread/INFO]: Created: 2048x1024x2 minecraft:textures/atlas/blocks.png-atlas
[15:38:42] [Render thread/INFO]: Created: 512x512x0 minecraft:textures/atlas/chest.png-atlas
[15:38:42] [Render thread/INFO]: Created: 256x128x0 minecraft:textures/atlas/celestials.png-atlas
[15:38:42] [Render thread/INFO]: Created: 1024x512x0 minecraft:textures/atlas/banner_patterns.png-atlas
[15:38:42] [Render thread/INFO]: Created: 1024x512x0 minecraft:textures/atlas/items.png-atlas
[15:38:42] [Render thread/INFO]: Created: 1024x1024x0 minecraft:textures/atlas/gui.png-atlas
[15:38:42] [Render thread/INFO]: Created: 128x64x0 minecraft:textures/atlas/map_decorations.png-atlas
[15:38:42] [Render thread/INFO]: Created: 512x512x0 minecraft:textures/atlas/shulker_boxes.png-atlas
[15:38:46] [Render thread/INFO]: Found new data pack fabric-convention-tags-v2, loading it automatically
[15:38:46] [Render thread/INFO]: Found new data pack vanilla, loading it automatically
[15:38:47] [Render thread/INFO]: Loaded 1585 recipes
[15:38:47] [Render thread/INFO]: Loaded 1688 advancements
[15:38:47] [Render thread/INFO]: OpenGL debug message: id=1280, source=API, type=ERROR, severity=HIGH, message='GL_INVALID_ENUM error generated.'
[15:38:47] [Server thread/INFO]: Starting integrated minecraft server version 26.2
[15:38:47] [Server thread/INFO]: Generating keypair
[15:38:47] [Server thread/INFO]: Selecting global world spawn...
[15:38:47] [Server thread/INFO]: Loading 0 persistent chunks...
[15:38:47] [Server thread/INFO]: Preparing spawn area: 16%
[15:38:47] [Server thread/INFO]: Loaded /level_chunk_caches/0 with 455 entries
[15:38:48] [Server thread/INFO]: Changing view distance to 3, from 0
[15:38:48] [Server thread/INFO]: Changing simulation distance to 6, from 0
[15:38:48] [Server thread/INFO]: Loading 14 chunks for player spawn...
[15:38:48] [Server thread/INFO]: Preparing spawn area: 16%
[15:38:48] [Server thread/INFO]: Preparing spawn area: 100%
[15:38:48] [Server thread/INFO]: Time elapsed: 1071 ms
[15:38:48] [Render thread/WARN]: Lightmapa: nie znalazlem tablicy int[256] w net.minecraft.client.renderer.state.LightmapRenderState -- cieple swiatlo pochodni bedzie wylaczone. Pola w tej klasie: boolean needsUpdate; float blockFactor; Vector3fc blockLightTint; float skyFactor; Vector3fc skyLightColor; Vector3fc ambientColor; float brightness; float darknessEffectScale; float nightVisionEffectIntensity; Vector3fc nightVisionColor; float bossOverlayWorldDarkening; Map renderStateData; 
[15:38:48] [Render thread/INFO]: Resizing Dynamic Transforms UBO, capacity limit of 2 reached during a single frame. New capacity will be 4.
[15:38:48] [Render thread/INFO]: Resizing Dynamic Transforms UBO, capacity limit of 4 reached during a single frame. New capacity will be 8.
[15:38:48] [Render thread/INFO]: Resizing Chunk Sections UBO, capacity limit of 2 reached during a single frame. New capacity will be 8.
[15:38:48] [Render thread/INFO]: Resizing Chunk Sections UBO, capacity limit of 8 reached during a single frame. New capacity will be 16.
[15:38:48] [Render thread/INFO]: Resizing Chunk Sections UBO, capacity limit of 16 reached during a single frame. New capacity will be 32.
[15:38:49] [Render thread/INFO]: Resizing Chunk Sections UBO, capacity limit of 32 reached during a single frame. New capacity will be 64.
[15:38:55] [Render thread/WARN]: Unable to play empty soundEvent: minecraft:entity.pig.step
[15:38:56] [Render thread/WARN]: Unable to play empty soundEvent: minecraft:entity.sheep.step
[15:38:58] [Server thread/INFO]: Saving and pausing game...
[15:38:58] [Render thread/INFO]: Resizing Dynamic Transforms UBO, capacity limit of 8 reached during a single frame. New capacity will be 16.
[15:38:59] [Render thread/WARN]: Error reading pack metadata, attempting fallback type
com.google.gson.JsonParseException: Pack declares support for version newer than 64, but is missing mandatory fields min_format and max_format
	at knot//com.mojang.serialization.DataResult$Error.getOrThrow(DataResult.java:287)
	at knot//net.minecraft.server.packs.resources.ResourceMetadata$2.getSection(ResourceMetadata.java:40)
	at knot//net.minecraft.server.packs.AbstractPackResources.getMetadataSection(AbstractPackResources.java:26)
	at knot//net.minecraft.server.packs.repository.Pack.readPackMetadata(Pack.java:56)
	at knot//net.minecraft.server.packs.repository.Pack.readMetaAndCreate(Pack.java:41)
	at knot//net.minecraft.server.packs.repository.FolderRepositorySource.lambda$loadPacks$0(FolderRepositorySource.java:63)
	at knot//net.minecraft.server.packs.repository.FolderRepositorySource.discoverPacks(FolderRepositorySource.java:94)
	at knot//net.minecraft.server.packs.repository.FolderRepositorySource.loadPacks(FolderRepositorySource.java:59)
	at knot//net.minecraft.server.packs.repository.PackRepository.discoverAvailable(PackRepository.java:43)
	at knot//net.minecraft.server.packs.repository.PackRepository.reload(PackRepository.java:36)
	at knot//net.minecraft.client.gui.screens.packs.PackSelectionModel.findNewPacks(PackSelectionModel.java:60)
	at knot//net.minecraft.client.gui.screens.packs.PackSelectionScreen.reload(PackSelectionScreen.java:215)
	at knot//net.minecraft.client.gui.screens.packs.PackSelectionScreen.init(PackSelectionScreen.java:134)
	at knot//net.minecraft.client.gui.screens.Screen.init(Screen.java:324)
	at knot//net.minecraft.client.gui.Gui.setScreen(Gui.java:269)
	at knot//net.minecraft.client.gui.screens.options.OptionsScreen.lambda$openScreenButton$0(OptionsScreen.java:122)
	at knot//net.minecraft.client.gui.components.Button.onPress(Button.java:109)
	at knot//net.minecraft.client.gui.components.AbstractButton.onClick(AbstractButton.java:53)
	at knot//net.minecraft.client.gui.components.AbstractWidget.mouseClicked(AbstractWidget.java:126)
	at knot//net.minecraft.client.gui.components.events.ContainerEventHandler.mouseClicked(ContainerEventHandler.java:47)
	at knot//net.minecraft.client.MouseHandler.mixinextras$bridge$mouseClicked$51(MouseHandler.java)
	at knot//net.minecraft.client.MouseHandler.wrapOperation$dfe000$fabric-screen-api-v1$invokeMouseClickedEvents(MouseHandler.java:1048)
	at knot//net.minecraft.client.MouseHandler.onButton(MouseHandler.java:117)
	at knot//net.minecraft.client.MouseHandler.lambda$setup$3(MouseHandler.java:239)
	at knot//net.minecraft.util.thread.BlockableEventLoop.doRunTask(BlockableEventLoop.java:173)
	at knot//net.minecraft.util.thread.ReentrantBlockableEventLoop.mixinextras$bridge$doRunTask$5(ReentrantBlockableEventLoop.java)
	at knot//net.minecraft.util.thread.ReentrantBlockableEventLoop.wrapOperation$cbi000$carpet-tis-addition$yeetUpdateSuppressionCrash_implForThreadExecutorTaskExecuting(ReentrantBlockableEventLoop.java:578)
	at knot//net.minecraft.util.thread.ReentrantBlockableEventLoop.doRunTask(ReentrantBlockableEventLoop.java:23)
	at knot//net.minecraft.util.thread.BlockableEventLoop.execute(BlockableEventLoop.java:114)
	at knot//net.minecraft.client.MouseHandler.lambda$setup$2(MouseHandler.java:239)
	at knot//org.lwjgl.glfw.GLFWMouseButtonCallback$Container.invoke(GLFWMouseButtonCallback.java:68)
	at knot//com.moulberry.flashback.editor.ui.CustomImGuiImplGlfw.mouseButtonCallback(CustomImGuiImplGlfw.java:492)
	at knot//org.lwjgl.glfw.GLFWMouseButtonCallbackI.callback(GLFWMouseButtonCallbackI.java:34)
	at knot//org.lwjgl.system.JNI.invokeV(Native Method)
	at knot//org.lwjgl.glfw.GLFW.glfwPollEvents(GLFW.java:1600)
	at knot//com.mojang.blaze3d.systems.RenderSystem.pollEvents(RenderSystem.java:117)
	at knot//net.minecraft.client.Minecraft.run(Minecraft.java:958)
	at knot//net.minecraft.client.main.Main.main(Main.java:292)
	at net.fabricmc.loader.impl.game.minecraft.MinecraftGameProvider.launch(MinecraftGameProvider.java:514)
	at net.fabricmc.loader.impl.launch.knot.Knot.launch(Knot.java:72)
	at net.fabricmc.loader.impl.launch.knot.KnotClient.main(KnotClient.java:23)
	at java.base/jdk.internal.reflect.DirectMethodHandleAccessor.invoke(Unknown Source)
	at java.base/java.lang.reflect.Method.invoke(Unknown Source)
	at com.modrinth.theseus.MinecraftLaunch.relaunch(MinecraftLaunch.java:61)
	at com.modrinth.theseus.MinecraftLaunch.main(MinecraftLaunch.java:28)
[15:38:59] [Render thread/INFO]: Found non-pack entry 'C:\Users\ryanw\AppData\Roaming\ModrinthApp\profiles\cosmosmc 26.2\resourcepacks\Redstone Tweaks 2.5.5.zip.disabled', ignoring
[15:38:59] [Render thread/INFO]: Found non-pack entry 'C:\Users\ryanw\AppData\Roaming\ModrinthApp\profiles\cosmosmc 26.2\resourcepacks\XK redstone display 26.1.5 — xdeush.zip.disabled', ignoring
[15:39:16] [Server thread/INFO]: Saving and pausing game...
[15:39:18] [Render thread/INFO]: Resizing Chunk Sections UBO, capacity limit of 64 reached during a single frame. New capacity will be 128.
[15:41:42] [Server thread/INFO]: Saving and pausing game...
[15:41:43] [Server thread/INFO]: Stopping server
[15:41:43] [Server thread/INFO]: Saving players
[15:41:43] [Server thread/INFO]: Stopping singleplayer server as player logged out
[15:41:43] [Server thread/INFO]: Saving worlds
[15:41:43] [Render thread/INFO]: Stopping!
